Archive member included because of file (symbol)

/usr/lib/i386-linux-gnu/libc_nonshared.a(elf-init.oS)
                              /usr/lib/gcc/i486-linux-gnu/4.7/../../../i386-linux-gnu/crt1.o (__libc_csu_init)

Discarded input sections

 .note.GNU-stack
                0x0000000000000000        0x0 /usr/lib/gcc/i486-linux-gnu/4.7/../../../i386-linux-gnu/crt1.o
 .gnu_debuglink
                0x0000000000000000        0xc /usr/lib/gcc/i486-linux-gnu/4.7/../../../i386-linux-gnu/crt1.o
 .note.GNU-stack
                0x0000000000000000        0x0 /usr/lib/gcc/i486-linux-gnu/4.7/../../../i386-linux-gnu/crti.o
 .gnu_debuglink
                0x0000000000000000        0xc /usr/lib/gcc/i486-linux-gnu/4.7/../../../i386-linux-gnu/crti.o
 .note.GNU-stack
                0x0000000000000000        0x0 /usr/lib/gcc/i486-linux-gnu/4.7/crtbegin.o
 .note.GNU-stack
                0x0000000000000000        0x0 main.o
 .group         0x0000000000000000        0x8 /usr/lib/i386-linux-gnu/libc_nonshared.a(elf-init.oS)
 .text.__x86.get_pc_thunk.bx
                0x0000000000000000        0x4 /usr/lib/i386-linux-gnu/libc_nonshared.a(elf-init.oS)
 .note.GNU-stack
                0x0000000000000000        0x0 /usr/lib/i386-linux-gnu/libc_nonshared.a(elf-init.oS)
 .note.GNU-stack
                0x0000000000000000        0x0 /usr/lib/gcc/i486-linux-gnu/4.7/crtend.o
 .note.GNU-stack
                0x0000000000000000        0x0 /usr/lib/gcc/i486-linux-gnu/4.7/../../../i386-linux-gnu/crtn.o
 .gnu_debuglink
                0x0000000000000000        0xc /usr/lib/gcc/i486-linux-gnu/4.7/../../../i386-linux-gnu/crtn.o

Memory Configuration

Name             Origin             Length             Attributes
*default*        0x0000000000000000 0xffffffffffffffff

Linker script and memory map

LOAD /usr/lib/gcc/i486-linux-gnu/4.7/../../../i386-linux-gnu/crt1.o
LOAD /usr/lib/gcc/i486-linux-gnu/4.7/../../../i386-linux-gnu/crti.o
LOAD /usr/lib/gcc/i486-linux-gnu/4.7/crtbegin.o
LOAD main.o
LOAD /usr/lib/gcc/i486-linux-gnu/4.7/libgcc.a
LOAD /usr/lib/gcc/i486-linux-gnu/4.7/libgcc_s.so
LOAD /usr/lib/gcc/i486-linux-gnu/4.7/../../../i386-linux-gnu/libc.so
START GROUP
LOAD /lib/i386-linux-gnu/libc.so.6
LOAD /usr/lib/i386-linux-gnu/libc_nonshared.a
LOAD /lib/i386-linux-gnu/ld-linux.so.2
END GROUP
LOAD /usr/lib/gcc/i486-linux-gnu/4.7/libgcc.a
LOAD /usr/lib/gcc/i486-linux-gnu/4.7/libgcc_s.so
LOAD /usr/lib/gcc/i486-linux-gnu/4.7/crtend.o
LOAD /usr/lib/gcc/i486-linux-gnu/4.7/../../../i386-linux-gnu/crtn.o
                0x0000000008048000                PROVIDE (__executable_start, 0x8048000)
                0x0000000008048134                . = (0x8048000 + SIZEOF_HEADERS)

.interp         0x0000000008048134       0x13
 *(.interp)
 .interp        0x0000000008048134       0x13 /usr/lib/gcc/i486-linux-gnu/4.7/../../../i386-linux-gnu/crt1.o

.note.ABI-tag   0x0000000008048148       0x20
 .note.ABI-tag  0x0000000008048148       0x20 /usr/lib/gcc/i486-linux-gnu/4.7/../../../i386-linux-gnu/crt1.o

.note.gnu.build-id
                0x0000000008048168       0x24
 *(.note.gnu.build-id)
 .note.gnu.build-id
                0x0000000008048168       0x24 /usr/lib/gcc/i486-linux-gnu/4.7/../../../i386-linux-gnu/crt1.o

.hash           0x000000000804818c       0x24
 *(.hash)
 .hash          0x000000000804818c       0x24 /usr/lib/gcc/i486-linux-gnu/4.7/../../../i386-linux-gnu/crt1.o

.gnu.hash       0x00000000080481b0       0x20
 *(.gnu.hash)
 .gnu.hash      0x00000000080481b0       0x20 /usr/lib/gcc/i486-linux-gnu/4.7/../../../i386-linux-gnu/crt1.o

.dynsym         0x00000000080481d0       0x40
 *(.dynsym)
 .dynsym        0x00000000080481d0       0x40 /usr/lib/gcc/i486-linux-gnu/4.7/../../../i386-linux-gnu/crt1.o

.dynstr         0x0000000008048210       0x45
 *(.dynstr)
 .dynstr        0x0000000008048210       0x45 /usr/lib/gcc/i486-linux-gnu/4.7/../../../i386-linux-gnu/crt1.o

.gnu.version    0x0000000008048256        0x8
 *(.gnu.version)
 .gnu.version   0x0000000008048256        0x8 /usr/lib/gcc/i486-linux-gnu/4.7/../../../i386-linux-gnu/crt1.o

.gnu.version_d  0x0000000008048260        0x0
 *(.gnu.version_d)
 .gnu.version_d
                0x0000000000000000        0x0 /usr/lib/gcc/i486-linux-gnu/4.7/../../../i386-linux-gnu/crt1.o

.gnu.version_r  0x0000000008048260       0x20
 *(.gnu.version_r)
 .gnu.version_r
                0x0000000008048260       0x20 /usr/lib/gcc/i486-linux-gnu/4.7/../../../i386-linux-gnu/crt1.o

.rel.dyn        0x0000000008048280        0x8
 *(.rel.init)
 *(.rel.text .rel.text.* .rel.gnu.linkonce.t.*)
 .rel.text      0x0000000000000000        0x0 /usr/lib/gcc/i486-linux-gnu/4.7/../../../i386-linux-gnu/crt1.o
 *(.rel.fini)
 *(.rel.rodata .rel.rodata.* .rel.gnu.linkonce.r.*)
 *(.rel.data.rel.ro* .rel.gnu.linkonce.d.rel.ro.*)
 *(.rel.data .rel.data.* .rel.gnu.linkonce.d.*)
 *(.rel.tdata .rel.tdata.* .rel.gnu.linkonce.td.*)
 *(.rel.tbss .rel.tbss.* .rel.gnu.linkonce.tb.*)
 *(.rel.ctors)
 *(.rel.dtors)
 *(.rel.got)
 .rel.got       0x0000000008048280        0x8 /usr/lib/gcc/i486-linux-gnu/4.7/../../../i386-linux-gnu/crt1.o
 *(.rel.bss .rel.bss.* .rel.gnu.linkonce.b.*)
 .rel.bss       0x0000000000000000        0x0 /usr/lib/gcc/i486-linux-gnu/4.7/../../../i386-linux-gnu/crt1.o
 *(.rel.ifunc)

.rel.plt        0x0000000008048288       0x10
 *(.rel.plt)
 .rel.plt       0x0000000008048288       0x10 /usr/lib/gcc/i486-linux-gnu/4.7/../../../i386-linux-gnu/crt1.o
                0x0000000008048298                PROVIDE (__rel_iplt_start, .)
 *(.rel.iplt)
 .rel.iplt      0x0000000000000000        0x0 /usr/lib/gcc/i486-linux-gnu/4.7/../../../i386-linux-gnu/crt1.o
                0x0000000008048298                PROVIDE (__rel_iplt_end, .)

.init           0x0000000008048298       0x23
 *(.init)
 .init          0x0000000008048298       0x1e /usr/lib/gcc/i486-linux-gnu/4.7/../../../i386-linux-gnu/crti.o
                0x0000000008048298                _init
 .init          0x00000000080482b6        0x5 /usr/lib/gcc/i486-linux-gnu/4.7/../../../i386-linux-gnu/crtn.o

.plt            0x00000000080482c0       0x30
 *(.plt)
 .plt           0x00000000080482c0       0x30 /usr/lib/gcc/i486-linux-gnu/4.7/../../../i386-linux-gnu/crt1.o
                0x00000000080482e0                __libc_start_main@@GLIBC_2.0
 *(.iplt)
 .iplt          0x0000000000000000        0x0 /usr/lib/gcc/i486-linux-gnu/4.7/../../../i386-linux-gnu/crt1.o

.text           0x00000000080482f0      0x1b4
 *(.text.unlikely .text.*_unlikely)
 *(.text.exit .text.exit.*)
 *(.text.startup .text.startup.*)
 *(.text.hot .text.hot.*)
 *(.text .stub .text.* .gnu.linkonce.t.*)
 .text          0x00000000080482f0       0x22 /usr/lib/gcc/i486-linux-gnu/4.7/../../../i386-linux-gnu/crt1.o
                0x00000000080482f0                _start
 .text          0x0000000008048312        0x0 /usr/lib/gcc/i486-linux-gnu/4.7/../../../i386-linux-gnu/crti.o
 *fill*         0x0000000008048312        0xe 90909090
 .gnu.linkonce.t.__x86.get_pc_thunk.bx
                0x0000000008048320        0x4 /usr/lib/gcc/i486-linux-gnu/4.7/../../../i386-linux-gnu/crti.o
                0x0000000008048320                __x86.get_pc_thunk.bx
 *fill*         0x0000000008048324        0xc 90909090
 .text          0x0000000008048330       0xbc /usr/lib/gcc/i486-linux-gnu/4.7/crtbegin.o
 .text          0x00000000080483ec       0x41 main.o
                0x00000000080483ec                crash_func
                0x000000000804840c                main
 *fill*         0x000000000804842d        0x3 90909090
 .text          0x0000000008048430       0x72 /usr/lib/i386-linux-gnu/libc_nonshared.a(elf-init.oS)
                0x0000000008048430                __libc_csu_init
                0x00000000080484a0                __libc_csu_fini
 *fill*         0x00000000080484a2        0x2 90909090
 .text          0x00000000080484a4        0x0 /usr/lib/gcc/i486-linux-gnu/4.7/crtend.o
 .text          0x00000000080484a4        0x0 /usr/lib/gcc/i486-linux-gnu/4.7/../../../i386-linux-gnu/crtn.o
 *(.gnu.warning)

.fini           0x00000000080484a4       0x14
 *(.fini)
 .fini          0x00000000080484a4        0xf /usr/lib/gcc/i486-linux-gnu/4.7/../../../i386-linux-gnu/crti.o
                0x00000000080484a4                _fini
 .fini          0x00000000080484b3        0x5 /usr/lib/gcc/i486-linux-gnu/4.7/../../../i386-linux-gnu/crtn.o
                0x00000000080484b8                PROVIDE (__etext, .)
                0x00000000080484b8                PROVIDE (_etext, .)
                0x00000000080484b8                PROVIDE (etext, .)

.rodata         0x00000000080484b8        0x8
 *(.rodata .rodata.* .gnu.linkonce.r.*)
 .rodata        0x00000000080484b8        0x4 /usr/lib/gcc/i486-linux-gnu/4.7/../../../i386-linux-gnu/crt1.o
                0x00000000080484b8                _fp_hw
 .rodata.cst4   0x00000000080484bc        0x4 /usr/lib/gcc/i486-linux-gnu/4.7/../../../i386-linux-gnu/crt1.o
                0x00000000080484bc                _IO_stdin_used

.rodata1
 *(.rodata1)

.eh_frame_hdr   0x00000000080484c0       0x34
 *(.eh_frame_hdr)
 .eh_frame_hdr  0x00000000080484c0       0x34 /usr/lib/gcc/i486-linux-gnu/4.7/../../../i386-linux-gnu/crt1.o

.eh_frame       0x00000000080484f4       0xd0
 *(.eh_frame)
 .eh_frame      0x00000000080484f4       0x3c /usr/lib/gcc/i486-linux-gnu/4.7/../../../i386-linux-gnu/crt1.o
                                         0x40 (size before relaxing)
 .eh_frame      0x0000000008048530       0x40 main.o
                                         0x58 (size before relaxing)
 .eh_frame      0x0000000008048570       0x50 /usr/lib/i386-linux-gnu/libc_nonshared.a(elf-init.oS)
                                         0x7c (size before relaxing)
 .eh_frame      0x00000000080485c0        0x4 /usr/lib/gcc/i486-linux-gnu/4.7/crtend.o

.gcc_except_table
 *(.gcc_except_table .gcc_except_table.*)

.exception_ranges
 *(.exception_ranges .exception_ranges*)
                0x00000000080485c4                . = (ALIGN (0x1000) - ((0x1000 - .) & 0xfff))
                0x00000000080495c4                . = DATA_SEGMENT_ALIGN (0x1000, 0x1000)

.eh_frame
 *(.eh_frame)

.gcc_except_table
 *(.gcc_except_table .gcc_except_table.*)

.exception_ranges
 *(.exception_ranges .exception_ranges*)

.tdata
 *(.tdata .tdata.* .gnu.linkonce.td.*)

.tbss
 *(.tbss .tbss.* .gnu.linkonce.tb.*)
 *(.tcommon)

.preinit_array  0x00000000080495c4        0x0
                0x00000000080495c4                PROVIDE (__preinit_array_start, .)
 *(.preinit_array)
                0x00000000080495c4                PROVIDE (__preinit_array_end, .)

.init_array     0x00000000080495c4        0x4
                0x00000000080495c4                PROVIDE (__init_array_start, .)
 *(SORT(.init_array.*) SORT(.ctors.*))
 *(.init_array)
 .init_array    0x00000000080495c4        0x4 /usr/lib/gcc/i486-linux-gnu/4.7/crtbegin.o
 *(EXCLUDE_FILE(*crtend?.o *crtend.o *crtbegin?.o *crtbegin.o) .ctors)
                0x00000000080495c8                PROVIDE (__init_array_end, .)

.fini_array     0x00000000080495c8        0x4
                0x00000000080495c8                PROVIDE (__fini_array_start, .)
 *(SORT(.fini_array.*) SORT(.dtors.*))
 *(.fini_array)
 .fini_array    0x00000000080495c8        0x4 /usr/lib/gcc/i486-linux-gnu/4.7/crtbegin.o
 *(EXCLUDE_FILE(*crtend?.o *crtend.o *crtbegin?.o *crtbegin.o) .dtors)
                0x00000000080495cc                PROVIDE (__fini_array_end, .)

.ctors
 *crtbegin.o(.ctors)
 *crtbegin?.o(.ctors)
 *(EXCLUDE_FILE(*crtend?.o *crtend.o) .ctors)
 *(SORT(.ctors.*))
 *(.ctors)

.dtors
 *crtbegin.o(.dtors)
 *crtbegin?.o(.dtors)
 *(EXCLUDE_FILE(*crtend?.o *crtend.o) .dtors)
 *(SORT(.dtors.*))
 *(.dtors)

.jcr            0x00000000080495cc        0x4
 *(.jcr)
 .jcr           0x00000000080495cc        0x0 /usr/lib/gcc/i486-linux-gnu/4.7/crtbegin.o
 .jcr           0x00000000080495cc        0x4 /usr/lib/gcc/i486-linux-gnu/4.7/crtend.o

.data.rel.ro
 *(.data.rel.ro.local* .gnu.linkonce.d.rel.ro.local.*)
 *(.data.rel.ro* .gnu.linkonce.d.rel.ro.*)

.dynamic        0x00000000080495d0       0xf0
 *(.dynamic)
 .dynamic       0x00000000080495d0       0xf0 /usr/lib/gcc/i486-linux-gnu/4.7/../../../i386-linux-gnu/crt1.o
                0x00000000080495d0                _DYNAMIC

.got            0x00000000080496c0        0x4
 *(.got)
 .got           0x00000000080496c0        0x4 /usr/lib/gcc/i486-linux-gnu/4.7/../../../i386-linux-gnu/crt1.o
 *(.igot)
                0x00000000080496c4                . = DATA_SEGMENT_RELRO_END (., 0xc)

.got.plt        0x00000000080496c4       0x14
 *(.got.plt)
 .got.plt       0x00000000080496c4       0x14 /usr/lib/gcc/i486-linux-gnu/4.7/../../../i386-linux-gnu/crt1.o
                0x00000000080496c4                _GLOBAL_OFFSET_TABLE_
 *(.igot.plt)
 .igot.plt      0x0000000000000000        0x0 /usr/lib/gcc/i486-linux-gnu/4.7/../../../i386-linux-gnu/crt1.o

.data           0x00000000080496d8        0x8
 *(.data .data.* .gnu.linkonce.d.*)
 .data          0x00000000080496d8        0x4 /usr/lib/gcc/i486-linux-gnu/4.7/../../../i386-linux-gnu/crt1.o
                0x00000000080496d8                data_start
                0x00000000080496d8                __data_start
 .data          0x00000000080496dc        0x0 /usr/lib/gcc/i486-linux-gnu/4.7/../../../i386-linux-gnu/crti.o
 .data          0x00000000080496dc        0x4 /usr/lib/gcc/i486-linux-gnu/4.7/crtbegin.o
                0x00000000080496dc                __dso_handle
 .data          0x00000000080496e0        0x0 main.o
 .data          0x00000000080496e0        0x0 /usr/lib/i386-linux-gnu/libc_nonshared.a(elf-init.oS)
 .data          0x00000000080496e0        0x0 /usr/lib/gcc/i486-linux-gnu/4.7/crtend.o
 .data          0x00000000080496e0        0x0 /usr/lib/gcc/i486-linux-gnu/4.7/../../../i386-linux-gnu/crtn.o

.tm_clone_table
                0x00000000080496e0        0x0
 .tm_clone_table
                0x00000000080496e0        0x0 /usr/lib/gcc/i486-linux-gnu/4.7/crtbegin.o
 .tm_clone_table
                0x00000000080496e0        0x0 /usr/lib/gcc/i486-linux-gnu/4.7/crtend.o

.data1
 *(.data1)
                0x00000000080496e0                _edata = .
                0x00000000080496e0                PROVIDE (edata, .)
                0x00000000080496e0                __bss_start = .

.bss            0x00000000080496e0        0x4
 *(.dynbss)
 .dynbss        0x0000000000000000        0x0 /usr/lib/gcc/i486-linux-gnu/4.7/../../../i386-linux-gnu/crt1.o
 *(.bss .bss.* .gnu.linkonce.b.*)
 .bss           0x00000000080496e0        0x0 /usr/lib/gcc/i486-linux-gnu/4.7/../../../i386-linux-gnu/crt1.o
 .bss           0x00000000080496e0        0x0 /usr/lib/gcc/i486-linux-gnu/4.7/../../../i386-linux-gnu/crti.o
 .bss           0x00000000080496e0        0x1 /usr/lib/gcc/i486-linux-gnu/4.7/crtbegin.o
 *fill*         0x00000000080496e1        0x3 00
 .bss           0x00000000080496e4        0x0 main.o
 .bss           0x00000000080496e4        0x0 /usr/lib/i386-linux-gnu/libc_nonshared.a(elf-init.oS)
 .bss           0x00000000080496e4        0x0 /usr/lib/gcc/i486-linux-gnu/4.7/crtend.o
 .bss           0x00000000080496e4        0x0 /usr/lib/gcc/i486-linux-gnu/4.7/../../../i386-linux-gnu/crtn.o
 *(COMMON)
                0x00000000080496e4                . = ALIGN ((. != 0x0)?0x4:0x1)
                0x00000000080496e4                . = ALIGN (0x4)
                0x00000000080496e4                . = ALIGN (0x4)
                0x00000000080496e4                _end = .
                0x00000000080496e4                PROVIDE (end, .)
                0x00000000080496e4                . = DATA_SEGMENT_END (.)

.stab
 *(.stab)

.stabstr
 *(.stabstr)

.stab.excl
 *(.stab.excl)

.stab.exclstr
 *(.stab.exclstr)

.stab.index
 *(.stab.index)

.stab.indexstr
 *(.stab.indexstr)

.comment        0x0000000000000000       0x38
 *(.comment)
 .comment       0x0000000000000000       0x1c /usr/lib/gcc/i486-linux-gnu/4.7/crtbegin.o
                                         0x1d (size before relaxing)
 .comment       0x0000000000000000       0x1d main.o
 .comment       0x000000000000001c       0x1c /usr/lib/i386-linux-gnu/libc_nonshared.a(elf-init.oS)
                                         0x1d (size before relaxing)
 .comment       0x0000000000000000       0x1d /usr/lib/gcc/i486-linux-gnu/4.7/crtend.o

.debug
 *(.debug)

.line
 *(.line)

.debug_srcinfo
 *(.debug_srcinfo)

.debug_sfnames
 *(.debug_sfnames)

.debug_aranges  0x0000000000000000       0x20
 *(.debug_aranges)
 .debug_aranges
                0x0000000000000000       0x20 main.o

.debug_pubnames
 *(.debug_pubnames)

.debug_info     0x0000000000000000       0xd9
 *(.debug_info .gnu.linkonce.wi.*)
 .debug_info    0x0000000000000000       0xd9 main.o

.debug_abbrev   0x0000000000000000       0x7e
 *(.debug_abbrev)
 .debug_abbrev  0x0000000000000000       0x7e main.o

.debug_line     0x0000000000000000       0x3d
 *(.debug_line)
 .debug_line    0x0000000000000000       0x3d main.o

.debug_frame
 *(.debug_frame)

.debug_str      0x0000000000000000       0x9c
 *(.debug_str)
 .debug_str     0x0000000000000000       0x9c main.o
                                         0xd5 (size before relaxing)

.debug_loc      0x0000000000000000       0x70
 *(.debug_loc)
 .debug_loc     0x0000000000000000       0x70 main.o

.debug_macinfo
 *(.debug_macinfo)

.debug_weaknames
 *(.debug_weaknames)

.debug_funcnames
 *(.debug_funcnames)

.debug_typenames
 *(.debug_typenames)

.debug_varnames
 *(.debug_varnames)

.debug_pubtypes
 *(.debug_pubtypes)

.debug_ranges
 *(.debug_ranges)

.gnu.attributes
 *(.gnu.attributes)

/DISCARD/
 *(.note.GNU-stack)
 *(.gnu_debuglink)
 *(.gnu.lto_*)
OUTPUT(main.out elf32-i386)
